aaaaaah221
aaaaaah220
aaaaaah219
aaaaaah218
aaaaaah217
aaaaaah216
aaaaaah215
aaaaaah214
aaaaaah213
aaaaaah212
aaaaaah211
210
